// Jest Snapshot v1, https://goo.gl/fbAQLP

exports[`expect to render the Loader component 1`] = `
<div
  className="loader"
>
  <div
    className="cssload-loader"
  >
    <div
      className="cssload-inner cssload-one"
    />
    <div
      className="cssload-inner cssload-two"
    />
    <div
      className="cssload-inner cssload-three"
    />
  </div>
</div>
`;
